mkdir -p /root/workspace/workloads/bin/11.3/
if [ 11 -gt 5 ]; then \
	export BINDIR=/root/workspace/workloads/bin/11.3; export BINSUBDIR=; export ROOTOBJDIR=obj_11.3; make  noinline= -C rodinia-3.1/huffman/; \
fi
make[1]: Entering directory '/root/workspace/workloads/rodinia-3.1/huffman'
nvcc   -O3 -lcudart -Xcompiler -m64 -g -G      main_test_cu.o stats_logger.o vlc_kernel_sm64huff.o scan.o pack_kernels.o cpuencode.o -o huffman 
make[1]: Leaving directory '/root/workspace/workloads/rodinia-3.1/huffman'
export BINDIR=/root/workspace/workloads/bin/11.3; export BINSUBDIR=; export ROOTOBJDIR=obj_11.3; make  noinline= -C rodinia-3.1/backprop
make[1]: Entering directory '/root/workspace/workloads/rodinia-3.1/backprop'
gcc -g  -O2 backprop.o facetrain.o imagenet.o backprop_cuda.o -o backprop -L/usr/local/cuda-11.3/lib64 -lcudart -lm
make[1]: Leaving directory '/root/workspace/workloads/rodinia-3.1/backprop'
export BINDIR=/root/workspace/workloads/bin/11.3; export BINSUBDIR=; export ROOTOBJDIR=obj_11.3; make  noinline= -C rodinia-3.1/bfs 
make[1]: Entering directory '/root/workspace/workloads/rodinia-3.1/bfs'
/usr/local/cuda-11.3/bin/nvcc -lcudart -gencode=arch=compute_75,code=\"sm_75,compute_75\" -gencode=arch=compute_70,code=\"sm_70,compute_70\" -gencode=arch=compute_86,code=\"sm_86,compute_86\" -gencode=arch=compute_60,code=\"sm_60,compute_60\" -gencode=arch=compute_62,code=\"sm_62,compute_62\" bfs.cu -o bfs -I/usr/local/cuda-11.3/include -L/usr/local/cuda-11.3/lib64 
make[1]: Leaving directory '/root/workspace/workloads/rodinia-3.1/bfs'
export BINDIR=/root/workspace/workloads/bin/11.3; export BINSUBDIR=; export ROOTOBJDIR=obj_11.3; make  noinline= -C rodinia-3.1/cfd
make[1]: Entering directory '/root/workspace/workloads/rodinia-3.1/cfd'
nvcc  -O2 -Xptxas -v -gencode=arch=compute_75,code=\"sm_75,compute_75\" -gencode=arch=compute_70,code=\"sm_70,compute_70\" -gencode=arch=compute_86,code=\"sm_86,compute_86\" -gencode=arch=compute_60,code=\"sm_60,compute_60\" -gencode=arch=compute_62,code=\"sm_62,compute_62\" euler3d.cu -o euler3d -I/usr/local/cuda-11.3/samples/common/inc  -L/usr/local/cuda-11.3/lib64  -lcudart
nvcc -Xptxas -v -O3 -gencode=arch=compute_75,code=\"sm_75,compute_75\" -gencode=arch=compute_70,code=\"sm_70,compute_70\" -gencode=arch=compute_86,code=\"sm_86,compute_86\" -gencode=arch=compute_60,code=\"sm_60,compute_60\" -gencode=arch=compute_62,code=\"sm_62,compute_62\" euler3d_double.cu -o euler3d_double -I/usr/local/cuda-11.3/samples/common/inc  -L/usr/local/cuda-11.3/lib64  -lcudart
nvcc -Xptxas -v -O3 -gencode=arch=compute_75,code=\"sm_75,compute_75\" -gencode=arch=compute_70,code=\"sm_70,compute_70\" -gencode=arch=compute_86,code=\"sm_86,compute_86\" -gencode=arch=compute_60,code=\"sm_60,compute_60\" -gencode=arch=compute_62,code=\"sm_62,compute_62\" pre_euler3d.cu -o pre_euler3d -I/usr/local/cuda-11.3/samples/common/inc  -L/usr/local/cuda-11.3/lib64  -lcudart
nvcc -Xptxas -v -O3 -gencode=arch=compute_75,code=\"sm_75,compute_75\" -gencode=arch=compute_70,code=\"sm_70,compute_70\" -gencode=arch=compute_86,code=\"sm_86,compute_86\" -gencode=arch=compute_60,code=\"sm_60,compute_60\" -gencode=arch=compute_62,code=\"sm_62,compute_62\" pre_euler3d_double.cu -o pre_euler3d_double -I/usr/local/cuda-11.3/samples/common/inc  -L/usr/local/cuda-11.3/lib64  -lcudart
make[1]: Leaving directory '/root/workspace/workloads/rodinia-3.1/cfd'
export BINDIR=/root/workspace/workloads/bin/11.3; export BINSUBDIR=; export ROOTOBJDIR=obj_11.3; make  noinline= -C rodinia-3.1/hotspot 
make[1]: Entering directory '/root/workspace/workloads/rodinia-3.1/hotspot'
/usr/local/cuda-11.3/bin/nvcc -lcudart -gencode=arch=compute_75,code=\"sm_75,compute_75\" -gencode=arch=compute_70,code=\"sm_70,compute_70\" -gencode=arch=compute_86,code=\"sm_86,compute_86\" -gencode=arch=compute_60,code=\"sm_60,compute_60\" -gencode=arch=compute_62,code=\"sm_62,compute_62\"  hotspot.cu -o hotspot -I/usr/local/cuda-11.3/include -L/usr/local/cuda-11.3/lib64 
make[1]: Leaving directory '/root/workspace/workloads/rodinia-3.1/hotspot'
export BINDIR=/root/workspace/workloads/bin/11.3; export BINSUBDIR=; export ROOTOBJDIR=obj_11.3; make  noinline= -C rodinia-3.1/kmeans 
make[1]: Entering directory '/root/workspace/workloads/rodinia-3.1/kmeans'
gcc -g -fopenmp -O2  kmeans.o cluster.o getopt.o kmeans_clustering.o kmeans_cuda.o rmse.o -o kmeans -L/usr/local/cuda-11.3/lib64 -lcudart -lm
make[1]: Leaving directory '/root/workspace/workloads/rodinia-3.1/kmeans'
export BINDIR=/root/workspace/workloads/bin/11.3; export BINSUBDIR=; export ROOTOBJDIR=obj_11.3; make  noinline= -C rodinia-3.1/needle 
make[1]: Entering directory '/root/workspace/workloads/rodinia-3.1/needle'
/usr/local/cuda-11.3/bin/nvcc -lcudart -gencode=arch=compute_75,code=\"sm_75,compute_75\" -gencode=arch=compute_70,code=\"sm_70,compute_70\" -gencode=arch=compute_86,code=\"sm_86,compute_86\" -gencode=arch=compute_60,code=\"sm_60,compute_60\" -gencode=arch=compute_62,code=\"sm_62,compute_62\"  needle.cu -o needle -I/usr/local/cuda-11.3/include -L/usr/local/cuda-11.3/lib64 
make[1]: Leaving directory '/root/workspace/workloads/rodinia-3.1/needle'
export BINDIR=/root/workspace/workloads/bin/11.3; export BINSUBDIR=; export ROOTOBJDIR=obj_11.3; make  noinline= -C rodinia-3.1/streamingcluster
make[1]: Entering directory '/root/workspace/workloads/rodinia-3.1/streamingcluster'
/usr/local/cuda-11.3/bin/nvcc -lcudart -gencode=arch=compute_75,code=\"sm_75,compute_75\" -gencode=arch=compute_70,code=\"sm_70,compute_70\" -gencode=arch=compute_86,code=\"sm_86,compute_86\" -gencode=arch=compute_60,code=\"sm_60,compute_60\" -gencode=arch=compute_62,code=\"sm_62,compute_62\" -I/usr/local/cuda-11.3/include -O3 streamcluster_cuda_cpu.cpp streamcluster_cuda.cu streamcluster_header.cu -o streamingcluster -lcuda
make[1]: Leaving directory '/root/workspace/workloads/rodinia-3.1/streamingcluster'
export BINDIR=/root/workspace/workloads/bin/11.3; export BINSUBDIR=; export ROOTOBJDIR=obj_11.3; make  noinline= -C rodinia-3.1/mummergpu
make[1]: Entering directory '/root/workspace/workloads/rodinia-3.1/mummergpu'
cd src; make
make[2]: Entering directory '/root/workspace/workloads/rodinia-3.1/mummergpu/src'
g++ -fopenmp -m64 -fPIC  -o /root/workspace/workloads/bin/11.3/mummergpu  obj_11.3/release/mummergpu_main.cpp_o -lmummergpu -L/usr/local/cuda-11.3/lib64 -L../lib -lcudart -lGL -lGLU  
make[2]: Leaving directory '/root/workspace/workloads/rodinia-3.1/mummergpu/src'
make[1]: Leaving directory '/root/workspace/workloads/rodinia-3.1/mummergpu'
export BINDIR=/root/workspace/workloads/bin/11.3; export BINSUBDIR=; export ROOTOBJDIR=obj_11.3; make  noinline= -C rodinia-3.1/b+tree/
make[1]: Entering directory '/root/workspace/workloads/rodinia-3.1/b+tree'
gcc	./main.o \
		./kernel/kernel_gpu_cuda_wrapper.o \
		./kernel/kernel_gpu_cuda_wrapper_2.o \
		./util/timer/timer.o \
		./util/num/num.o \
		./util/cuda/cuda.o \
		-lm \
		-L/usr/local/cuda-11.3/lib64 \
		-lcudart\
		-lstdc++\
                       -o b+tree
make[1]: Leaving directory '/root/workspace/workloads/rodinia-3.1/b+tree'
export BINDIR=/root/workspace/workloads/bin/11.3; export BINSUBDIR=; export ROOTOBJDIR=obj_11.3; make  noinline= -C rodinia-3.1/dwt2d/
make[1]: Entering directory '/root/workspace/workloads/rodinia-3.1/dwt2d'
g++ -fPIC -o dwt2d   main.cu.o dwt.cu.o components.cu.o dwt_cuda/fdwt53.cu.o dwt_cuda/fdwt97.cu.o dwt_cuda/common.cu.o dwt_cuda/rdwt97.cu.o dwt_cuda/rdwt53.cu.o -L/usr/local/cuda-11.3/lib64 -lcudart
make[1]: Leaving directory '/root/workspace/workloads/rodinia-3.1/dwt2d'
export BINDIR=/root/workspace/workloads/bin/11.3; export BINSUBDIR=; export ROOTOBJDIR=obj_11.3; make  noinline= -C rodinia-3.1/heartwall/
make[1]: Entering directory '/root/workspace/workloads/rodinia-3.1/heartwall'
nvcc  -gencode=arch=compute_75,code=\"sm_75,compute_75\" -gencode=arch=compute_70,code=\"sm_70,compute_70\" -gencode=arch=compute_86,code=\"sm_86,compute_86\" -gencode=arch=compute_60,code=\"sm_60,compute_60\" -gencode=arch=compute_62,code=\"sm_62,compute_62\" main.o ./AVI/avilib.o ./AVI/avimod.o -I/usr/local/cuda/include -lm -o heartwall -lcudart
make[1]: Leaving directory '/root/workspace/workloads/rodinia-3.1/heartwall'
export BINDIR=/root/workspace/workloads/bin/11.3; export BINSUBDIR=; export ROOTOBJDIR=obj_11.3; make  noinline= -C rodinia-3.1/hybridsort/
make[1]: Entering directory '/root/workspace/workloads/rodinia-3.1/hybridsort'
/usr/local/cuda-11.3/bin/nvcc -lcudart -gencode=arch=compute_75,code=\"sm_75,compute_75\" -gencode=arch=compute_70,code=\"sm_70,compute_70\" -gencode=arch=compute_86,code=\"sm_86,compute_86\" -gencode=arch=compute_62,code=\"sm_62,compute_62\" -gencode=arch=compute_60,code=\"sm_60,compute_60\"         bucketsort.cu mergesort.cu main.cu -o hybridsort
make[1]: Leaving directory '/root/workspace/workloads/rodinia-3.1/hybridsort'
export BINDIR=/root/workspace/workloads/bin/11.3; export BINSUBDIR=; export ROOTOBJDIR=obj_11.3; make  noinline= -C rodinia-3.1/myocyte/
make[1]: Entering directory '/root/workspace/workloads/rodinia-3.1/myocyte'
nvcc  -gencode=arch=compute_70,code=\"sm_70,compute_70\" -gencode=arch=compute_75,code=\"sm_75,compute_75\" -gencode=arch=compute_86,code=\"sm_86,compute_86\" -gencode=arch=compute_60,code=\"sm_60,compute_60\" -gencode=arch=compute_62,code=\"sm_62,compute_62\"	 main.o \
			-I/usr/local/cuda/include \
			-L/usr/local/cuda/lib \
			-lm -lcudart \
                                -o myocyte
make[1]: Leaving directory '/root/workspace/workloads/rodinia-3.1/myocyte'
export BINDIR=/root/workspace/workloads/bin/11.3; export BINSUBDIR=; export ROOTOBJDIR=obj_11.3; make  noinline= -C rodinia-3.1/nn/
make[1]: Entering directory '/root/workspace/workloads/rodinia-3.1/nn'
/usr/local/cuda-11.3/bin/nvcc -gencode=arch=compute_70,code=\"sm_70,compute_70\" -gencode=arch=compute_75,code=\"sm_75,compute_75\" -gencode=arch=compute_86,code=\"sm_86,compute_86\" -gencode=arch=compute_60,code=\"sm_60,compute_60\" -gencode=arch=compute_62,code=\"sm_62,compute_62\" -cuda nn_cuda.cu -lcudart  -D__DEVICE_EMULATION__
/usr/local/cuda-11.3/bin/nvcc -gencode=arch=compute_70,code=\"sm_70,compute_70\" -gencode=arch=compute_75,code=\"sm_75,compute_75\" -gencode=arch=compute_86,code=\"sm_86,compute_86\" -gencode=arch=compute_60,code=\"sm_60,compute_60\" -gencode=arch=compute_62,code=\"sm_62,compute_62\" -o nn nn_cuda.cu -lcudart  -D__DEVICE_EMULATION__
make[1]: Leaving directory '/root/workspace/workloads/rodinia-3.1/nn'
export BINDIR=/root/workspace/workloads/bin/11.3; export BINSUBDIR=; export ROOTOBJDIR=obj_11.3; make  noinline= -C rodinia-3.1/particlefilter/
make[1]: Entering directory '/root/workspace/workloads/rodinia-3.1/particlefilter'
/usr/local/cuda-11.3/bin/nvcc -lcudart -gencode=arch=compute_70,code=\"sm_70,compute_70\" -gencode=arch=compute_75,code=\"sm_75,compute_75\" -gencode=arch=compute_86,code=\"sm_86,compute_86\" -gencode=arch=compute_60,code=\"sm_60,compute_60\" -gencode=arch=compute_62,code=\"sm_62,compute_62\" -I/usr/local/cuda-11.3/include -L/usr/local/cuda-11.3/lib64 -g -lm -O3 -use_fast_math  ex_particle_CUDA_naive_seq.cu -o particlefilter_naive
/usr/local/cuda-11.3/bin/nvcc -lcudart -gencode=arch=compute_70,code=\"sm_70,compute_70\" -gencode=arch=compute_75,code=\"sm_75,compute_75\" -gencode=arch=compute_86,code=\"sm_86,compute_86\" -gencode=arch=compute_60,code=\"sm_60,compute_60\" -gencode=arch=compute_62,code=\"sm_62,compute_62\" -I/usr/local/cuda-11.3/include -L/usr/local/cuda-11.3/lib64 -g -lm -O3 -use_fast_math ex_particle_CUDA_float_seq.cu -o particlefilter_float
make[1]: Leaving directory '/root/workspace/workloads/rodinia-3.1/particlefilter'
export BINDIR=/root/workspace/workloads/bin/11.3; export BINSUBDIR=; export ROOTOBJDIR=obj_11.3; make  noinline= -C rodinia-3.1/pathfinder/
make[1]: Entering directory '/root/workspace/workloads/rodinia-3.1/pathfinder'
/usr/local/cuda-11.3/bin/nvcc -lcudart -gencode=arch=compute_70,code=\"sm_70,compute_70\" -gencode=arch=compute_75,code=\"sm_75,compute_75\" -gencode=arch=compute_86,code=\"sm_86,compute_86\" -gencode=arch=compute_60,code=\"sm_60,compute_60\" -gencode=arch=compute_62,code=\"sm_62,compute_62\" pathfinder.cu -o pathfinder -I/usr/local/cuda-11.3/include -L/usr/local/cuda-11.3/lib64 
make[1]: Leaving directory '/root/workspace/workloads/rodinia-3.1/pathfinder'
export BINDIR=/root/workspace/workloads/bin/11.3; export BINSUBDIR=; export ROOTOBJDIR=obj_11.3; make  noinline= -C rodinia-3.1/lavaMD/
make[1]: Entering directory '/root/workspace/workloads/rodinia-3.1/lavaMD'
gcc	 main.o \
		./kernel/kernel_gpu_cuda_wrapper.o \
		./util/num/num.o \
		./util/timer/timer.o \
		./util/device/device.o \
		-lm \
		-L/usr/local/cuda-11.3/lib64 \
		-lcudart \
		-lgomp \
		-lstdc++ \
		-o lavaMD
make[1]: Leaving directory '/root/workspace/workloads/rodinia-3.1/lavaMD'
export BINDIR=/root/workspace/workloads/bin/11.3; export BINSUBDIR=; export ROOTOBJDIR=obj_11.3; make  noinline= -C rodinia-3.1/lud/
make[1]: Entering directory '/root/workspace/workloads/rodinia-3.1/lud'
cd cuda; make
make[2]: Entering directory '/root/workspace/workloads/rodinia-3.1/lud/cuda'
nvcc -I../common -O3 -use_fast_math -lm -lcudart  -gencode=arch=compute_70,code=\"sm_70,compute_70\" -gencode=arch=compute_75,code=\"sm_75,compute_75\" -gencode=arch=compute_86,code=\"sm_86,compute_86\" -gencode=arch=compute_60,code=\"sm_60,compute_60\" -gencode=arch=compute_62,code=\"sm_62,compute_62\" -o ../lud  ../common/common.o lud.o lud_kernel.o
make[2]: Leaving directory '/root/workspace/workloads/rodinia-3.1/lud/cuda'
make[1]: Leaving directory '/root/workspace/workloads/rodinia-3.1/lud'
export BINDIR=/root/workspace/workloads/bin/11.3; export BINSUBDIR=; export ROOTOBJDIR=obj_11.3; make  noinline= -C rodinia-3.1/leukocyte/
make[1]: Entering directory '/root/workspace/workloads/rodinia-3.1/leukocyte'
cd meschach_lib; make
make[2]: Entering directory '/root/workspace/workloads/rodinia-3.1/leukocyte/meschach_lib'
ar ru meschach.a copy.o err.o matrixio.o memory.o vecop.o matop.o pxop.o submat.o init.o otherio.o machine.o matlab.o ivecop.o version.o meminfo.o memstat.o; ranlib meschach.a
ar ru meschach.a lufactor.o bkpfacto.o chfactor.o qrfactor.o solve.o hsehldr.o givens.o update.o norm.o hessen.o symmeig.o schur.o svd.o fft.o mfunc.o bdfactor.o; ranlib meschach.a
ar ru meschach.a sparse.o sprow.o sparseio.o spchfctr.o splufctr.o spbkp.o spswap.o iter0.o itersym.o iternsym.o; ranlib meschach.a
ar ru meschach.a zmachine.o zcopy.o zmatio.o zmemory.o zvecop.o zmatop.o znorm.o zfunc.o ; ranlib meschach.a
ar ru meschach.a zlufctr.o zsolve.o zmatlab.o zhsehldr.o zqrfctr.o zgivens.o  zhessen.o zschur.o; ranlib meschach.a
make[2]: Leaving directory '/root/workspace/workloads/rodinia-3.1/leukocyte/meschach_lib'
cd CUDA; make
make[2]: Entering directory '/root/workspace/workloads/rodinia-3.1/leukocyte/CUDA'
gcc -g -O3 -Wall -I../meschach_lib -lm avilib.o find_ellipse.o find_ellipse_kernel.o track_ellipse.o track_ellipse_kernel.o misc_math.o detect_main.o -o ../leukocyte ../meschach_lib/meschach.a -L/usr/local/cuda-11.3/lib64 -lm -lcudart -lstdc++
make[2]: Leaving directory '/root/workspace/workloads/rodinia-3.1/leukocyte/CUDA'
make[1]: Leaving directory '/root/workspace/workloads/rodinia-3.1/leukocyte'
export BINDIR=/root/workspace/workloads/bin/11.3; export BINSUBDIR=; export ROOTOBJDIR=obj_11.3; make  noinline= -C rodinia-3.1/hotspot3D/
make[1]: Entering directory '/root/workspace/workloads/rodinia-3.1/hotspot3D'
/usr/local/cuda-11.3/bin/nvcc -lcudart -gencode=arch=compute_75,code=\"sm_75,compute_75\" -gencode=arch=compute_70,code=\"sm_70,compute_70\" -gencode=arch=compute_86,code=\"sm_86,compute_86\" -gencode=arch=compute_62,code=\"sm_62,compute_62\" -gencode=arch=compute_60,code=\"sm_60,compute_60\"  -g -G  3D.cu -o hotspot3D  -I/usr/local/cuda-11.3/include -L/usr/local/cuda-11.3/lib64 
make[1]: Leaving directory '/root/workspace/workloads/rodinia-3.1/hotspot3D'
export BINDIR=/root/workspace/workloads/bin/11.3; export BINSUBDIR=; export ROOTOBJDIR=obj_11.3; make  noinline= -C rodinia-3.1/gaussian/
make[1]: Entering directory '/root/workspace/workloads/rodinia-3.1/gaussian'
/usr/local/cuda-11.3/bin/nvcc -gencode=arch=compute_75,code=\"sm_75,compute_75\" -gencode=arch=compute_70,code=\"sm_70,compute_70\" -gencode=arch=compute_86,code=\"sm_86,compute_86\" -gencode=arch=compute_60,code=\"sm_60,compute_60\" -gencode=arch=compute_62,code=\"sm_62,compute_62\"  gaussian.cu -o gaussian -I/usr/local/cuda-11.3/include -L/usr/local/cuda-11.3/lib64 -lcudart 
make[1]: Leaving directory '/root/workspace/workloads/rodinia-3.1/gaussian'
export BINDIR=/root/workspace/workloads/bin/11.3; export BINSUBDIR=; export ROOTOBJDIR=obj_11.3; make  noinline= -C rodinia-3.1/srad/
make[1]: Entering directory '/root/workspace/workloads/rodinia-3.1/srad'
cd srad_v1; 	make
make[2]: Entering directory '/root/workspace/workloads/rodinia-3.1/srad/srad_v1'
/usr/local/cuda-11.3/bin/nvcc -gencode=arch=compute_70,code=\"sm_70,compute_70\" -gencode=arch=compute_75,code=\"sm_75,compute_75\" -gencode=arch=compute_86,code=\"sm_86,compute_86\" -gencode=arch=compute_60,code=\"sm_60,compute_60\" -gencode=arch=compute_62,code=\"sm_62,compute_62\"	main.o \
			-I/usr/local/cuda-11.3/include \
			-L/usr/local/cuda-11.3/lib64  \
			-lm -lcudart -o srad1
make[2]: Leaving directory '/root/workspace/workloads/rodinia-3.1/srad/srad_v1'
cd srad_v2; 	make
make[2]: Entering directory '/root/workspace/workloads/rodinia-3.1/srad/srad_v2'
/usr/local/cuda-11.3/bin/nvcc -gencode=arch=compute_70,code=\"sm_70,compute_70\" -gencode=arch=compute_75,code=\"sm_75,compute_75\" -gencode=arch=compute_86,code=\"sm_86,compute_86\" -gencode=arch=compute_60,code=\"sm_60,compute_60\" -gencode=arch=compute_62,code=\"sm_62,compute_62\"  srad.cu -o srad2 -I/usr/local/cuda-11.3/include -L/usr/local/cuda-11.3/lib64 -lcudart 
make[2]: Leaving directory '/root/workspace/workloads/rodinia-3.1/srad/srad_v2'
make[1]: Leaving directory '/root/workspace/workloads/rodinia-3.1/srad'
if [ 11 -gt 5 ]; then \
	mv rodinia-3.1/huffman/huffman /root/workspace/workloads/bin/11.3/huffman; \
fi
mv rodinia-3.1/b+tree/b+tree /root/workspace/workloads/bin/11.3/b+tree
mv rodinia-3.1/dwt2d/dwt2d /root/workspace/workloads/bin/11.3/dwt2d
mv rodinia-3.1/heartwall/heartwall /root/workspace/workloads/bin/11.3/heartwall
mv rodinia-3.1/hybridsort/hybridsort /root/workspace/workloads/bin/11.3/hybridsort
mv rodinia-3.1/myocyte/myocyte /root/workspace/workloads/bin/11.3/myocyte
mv rodinia-3.1/nn/nn /root/workspace/workloads/bin/11.3/nn
mv rodinia-3.1/particlefilter/particlefilter_float /root/workspace/workloads/bin/11.3/particlefilter_float
mv rodinia-3.1/particlefilter/particlefilter_naive /root/workspace/workloads/bin/11.3/particlefilter_naive
mv rodinia-3.1/pathfinder/pathfinder /root/workspace/workloads/bin/11.3/pathfinder
mv rodinia-3.1/lavaMD/lavaMD /root/workspace/workloads/bin/11.3/lavaMD
mv rodinia-3.1/lud/lud /root/workspace/workloads/bin/11.3/lud
mv rodinia-3.1/leukocyte/leukocyte /root/workspace/workloads/bin/11.3/leukocyte
mv rodinia-3.1/hotspot3D/hotspot3D /root/workspace/workloads/bin/11.3/hotspot3D
mv rodinia-3.1/gaussian/gaussian /root/workspace/workloads/bin/11.3/gaussian
mv rodinia-3.1/srad/srad_v1/srad1 /root/workspace/workloads/bin/11.3/srad1
mv rodinia-3.1/srad/srad_v2/srad2 /root/workspace/workloads/bin/11.3/srad2
mv rodinia-3.1/backprop/backprop /root/workspace/workloads/bin/11.3/backprop
mv rodinia-3.1/bfs/bfs  /root/workspace/workloads/bin/11.3/bfs
mv rodinia-3.1/cfd/euler3d /root/workspace/workloads/bin/11.3/euler3d
mv rodinia-3.1/cfd/pre_euler3d /root/workspace/workloads/bin/11.3/pre_euler3d
mv rodinia-3.1/cfd/euler3d_double /root/workspace/workloads/bin/11.3/euler3d_double
mv rodinia-3.1/cfd/pre_euler3d_double /root/workspace/workloads/bin/11.3/pre_euler3d_double
mv rodinia-3.1/hotspot/hotspot /root/workspace/workloads/bin/11.3/hotspot
mv rodinia-3.1/kmeans/kmeans /root/workspace/workloads/bin/11.3/kmeans
mv rodinia-3.1/needle/needle /root/workspace/workloads/bin/11.3/nw
mv rodinia-3.1/streamingcluster/streamingcluster /root/workspace/workloads/bin/11.3/streamingcluster
make  noinline= -C lonestargpu-2.0 all
make[1]: Entering directory '/root/workspace/workloads/lonestargpu-2.0'
export BINDIR=/root/workspace/workloads/bin/11.3; export BINSUBDIR=; export ROOTOBJDIR=obj_11.3; make  -C apps/bfs
make[2]: Entering directory '/root/workspace/workloads/lonestargpu-2.0/apps/bfs'
nvcc -O3 -gencode=arch=compute_86,code=\"sm_86,compute_86\" -gencode=arch=compute_60,code=\"sm_60,compute_60\"  -gencode=arch=compute_62,code=\"sm_62,compute_62\" -gencode=arch=compute_70,code=\"sm_70,compute_70\" -gencode=arch=compute_75,code=\"sm_75,compute_75\" -g -Xptxas -v    -I ../../include -I /common/inc -lcudart  -DVARIANT=0 -o bfs main.cu
cp bfs ../../bin
make[2]: Leaving directory '/root/workspace/workloads/lonestargpu-2.0/apps/bfs'
export BINDIR=/root/workspace/workloads/bin/11.3; export BINSUBDIR=; export ROOTOBJDIR=obj_11.3; make  -C apps/bfs variants
make[2]: Entering directory '/root/workspace/workloads/lonestargpu-2.0/apps/bfs'
nvcc -O3 -gencode=arch=compute_86,code=\"sm_86,compute_86\" -gencode=arch=compute_60,code=\"sm_60,compute_60\"  -gencode=arch=compute_62,code=\"sm_62,compute_62\" -gencode=arch=compute_70,code=\"sm_70,compute_70\" -gencode=arch=compute_75,code=\"sm_75,compute_75\" -g -Xptxas -v    -I ../../include -I /common/inc -lcudart  -DVARIANT=1 -o bfs-atomic main.cu
cp bfs-atomic ../../bin
nvcc -O3 -gencode=arch=compute_86,code=\"sm_86,compute_86\" -gencode=arch=compute_60,code=\"sm_60,compute_60\"  -gencode=arch=compute_62,code=\"sm_62,compute_62\" -gencode=arch=compute_70,code=\"sm_70,compute_70\" -gencode=arch=compute_75,code=\"sm_75,compute_75\" -g -Xptxas -v    -I ../../include -I /common/inc -lcudart  -DVARIANT=6 -o bfs-wlc main.cu
cp bfs-wlc ../../bin
nvcc -O3 -gencode=arch=compute_86,code=\"sm_86,compute_86\" -gencode=arch=compute_60,code=\"sm_60,compute_60\"  -gencode=arch=compute_62,code=\"sm_62,compute_62\" -gencode=arch=compute_70,code=\"sm_70,compute_70\" -gencode=arch=compute_75,code=\"sm_75,compute_75\" -g -Xptxas -v    -I ../../include -I /common/inc -lcudart  -I ./back40computing-read-only/ -I ./back40computing-read-only//test/  -DVARIANT=3 -o bfs-wlw main.cu
cp bfs-wlw ../../bin
nvcc -O3 -gencode=arch=compute_86,code=\"sm_86,compute_86\" -gencode=arch=compute_60,code=\"sm_60,compute_60\"  -gencode=arch=compute_62,code=\"sm_62,compute_62\" -gencode=arch=compute_70,code=\"sm_70,compute_70\" -gencode=arch=compute_75,code=\"sm_75,compute_75\" -g -Xptxas -v    -I ../../include -I /common/inc -lcudart  -DVARIANT=5 -o bfs-wla main.cu
cp bfs-wla ../../bin
make[2]: Leaving directory '/root/workspace/workloads/lonestargpu-2.0/apps/bfs'
export BINDIR=/root/workspace/workloads/bin/11.3; export BINSUBDIR=; export ROOTOBJDIR=obj_11.3; make  -C apps/bh
make[2]: Entering directory '/root/workspace/workloads/lonestargpu-2.0/apps/bh'
nvcc -O3 -gencode=arch=compute_86,code=\"sm_86,compute_86\" -gencode=arch=compute_60,code=\"sm_60,compute_60\"  -gencode=arch=compute_62,code=\"sm_62,compute_62\" -gencode=arch=compute_70,code=\"sm_70,compute_70\" -gencode=arch=compute_75,code=\"sm_75,compute_75\" -g -Xptxas -v    -I ../../include -I /common/inc -lcudart  -DVARIANT=0 -o bh main.cu
cp bh ../../bin
make[2]: Leaving directory '/root/workspace/workloads/lonestargpu-2.0/apps/bh'
export BINDIR=/root/workspace/workloads/bin/11.3; export BINSUBDIR=; export ROOTOBJDIR=obj_11.3; make  -C apps/bh variants
make[2]: Entering directory '/root/workspace/workloads/lonestargpu-2.0/apps/bh'
make[2]: Nothing to be done for 'variants'.
make[2]: Leaving directory '/root/workspace/workloads/lonestargpu-2.0/apps/bh'
export BINDIR=/root/workspace/workloads/bin/11.3; export BINSUBDIR=; export ROOTOBJDIR=obj_11.3; make  -C apps/dmr
make[2]: Entering directory '/root/workspace/workloads/lonestargpu-2.0/apps/dmr'
nvcc -O3 -gencode=arch=compute_86,code=\"sm_86,compute_86\" -gencode=arch=compute_60,code=\"sm_60,compute_60\"  -gencode=arch=compute_62,code=\"sm_62,compute_62\" -gencode=arch=compute_70,code=\"sm_70,compute_70\" -gencode=arch=compute_75,code=\"sm_75,compute_75\" -g -Xptxas -v    -I ../../include -I /common/inc -lcudart  -DVARIANT=0 -o dmr dmr.cu
cp dmr ../../bin
make[2]: Leaving directory '/root/workspace/workloads/lonestargpu-2.0/apps/dmr'
export BINDIR=/root/workspace/workloads/bin/11.3; export BINSUBDIR=; export ROOTOBJDIR=obj_11.3; make  -C apps/dmr variants
make[2]: Entering directory '/root/workspace/workloads/lonestargpu-2.0/apps/dmr'
make[2]: Nothing to be done for 'variants'.
make[2]: Leaving directory '/root/workspace/workloads/lonestargpu-2.0/apps/dmr'
export BINDIR=/root/workspace/workloads/bin/11.3; export BINSUBDIR=; export ROOTOBJDIR=obj_11.3; make  -C apps/mst
make[2]: Entering directory '/root/workspace/workloads/lonestargpu-2.0/apps/mst'
nvcc -O3 -gencode=arch=compute_86,code=\"sm_86,compute_86\" -gencode=arch=compute_60,code=\"sm_60,compute_60\"  -gencode=arch=compute_62,code=\"sm_62,compute_62\" -gencode=arch=compute_70,code=\"sm_70,compute_70\" -gencode=arch=compute_75,code=\"sm_75,compute_75\" -g -Xptxas -v    -I ../../include -I /common/inc -lcudart  -DVARIANT=0 -o mst main.cu
cp mst ../../bin
make[2]: Leaving directory '/root/workspace/workloads/lonestargpu-2.0/apps/mst'
export BINDIR=/root/workspace/workloads/bin/11.3; export BINSUBDIR=; export ROOTOBJDIR=obj_11.3; make  -C apps/mst variants
make[2]: Entering directory '/root/workspace/workloads/lonestargpu-2.0/apps/mst'
make[2]: Nothing to be done for 'variants'.
make[2]: Leaving directory '/root/workspace/workloads/lonestargpu-2.0/apps/mst'
export BINDIR=/root/workspace/workloads/bin/11.3; export BINSUBDIR=; export ROOTOBJDIR=obj_11.3; make  -C apps/pta
make[2]: Entering directory '/root/workspace/workloads/lonestargpu-2.0/apps/pta'
nvcc -O3 -gencode=arch=compute_86,code=\"sm_86,compute_86\" -gencode=arch=compute_60,code=\"sm_60,compute_60\"  -gencode=arch=compute_62,code=\"sm_62,compute_62\" -gencode=arch=compute_70,code=\"sm_70,compute_70\" -gencode=arch=compute_75,code=\"sm_75,compute_75\" -g -Xptxas -v    -I ../../include -I /common/inc -lcudart  -DVARIANT=0 -o pta main.cu
cp pta ../../bin
make[2]: Leaving directory '/root/workspace/workloads/lonestargpu-2.0/apps/pta'
export BINDIR=/root/workspace/workloads/bin/11.3; export BINSUBDIR=; export ROOTOBJDIR=obj_11.3; make  -C apps/pta variants
make[2]: Entering directory '/root/workspace/workloads/lonestargpu-2.0/apps/pta'
make[2]: Nothing to be done for 'variants'.
make[2]: Leaving directory '/root/workspace/workloads/lonestargpu-2.0/apps/pta'
export BINDIR=/root/workspace/workloads/bin/11.3; export BINSUBDIR=; export ROOTOBJDIR=obj_11.3; make  -C apps/nsp
make[2]: Entering directory '/root/workspace/workloads/lonestargpu-2.0/apps/nsp'
nvcc -O3 -gencode=arch=compute_86,code=\"sm_86,compute_86\" -gencode=arch=compute_60,code=\"sm_60,compute_60\"  -gencode=arch=compute_62,code=\"sm_62,compute_62\" -gencode=arch=compute_70,code=\"sm_70,compute_70\" -gencode=arch=compute_75,code=\"sm_75,compute_75\" -g -Xptxas -v    -I ../../include -I /common/inc -lcudart  -DVARIANT=0 -o nsp newsp.cu
cp nsp ../../bin
make[2]: Leaving directory '/root/workspace/workloads/lonestargpu-2.0/apps/nsp'
export BINDIR=/root/workspace/workloads/bin/11.3; export BINSUBDIR=; export ROOTOBJDIR=obj_11.3; make  -C apps/nsp variants
make[2]: Entering directory '/root/workspace/workloads/lonestargpu-2.0/apps/nsp'
make[2]: Nothing to be done for 'variants'.
make[2]: Leaving directory '/root/workspace/workloads/lonestargpu-2.0/apps/nsp'
export BINDIR=/root/workspace/workloads/bin/11.3; export BINSUBDIR=; export ROOTOBJDIR=obj_11.3; make  -C apps/sssp
make[2]: Entering directory '/root/workspace/workloads/lonestargpu-2.0/apps/sssp'
nvcc -O3 -gencode=arch=compute_86,code=\"sm_86,compute_86\" -gencode=arch=compute_60,code=\"sm_60,compute_60\"  -gencode=arch=compute_62,code=\"sm_62,compute_62\" -gencode=arch=compute_70,code=\"sm_70,compute_70\" -gencode=arch=compute_75,code=\"sm_75,compute_75\" -g -Xptxas -v    -I ../../include -I /common/inc -lcudart  -DVARIANT=0 -o sssp main.cu
cp sssp ../../bin
make[2]: Leaving directory '/root/workspace/workloads/lonestargpu-2.0/apps/sssp'
export BINDIR=/root/workspace/workloads/bin/11.3; export BINSUBDIR=; export ROOTOBJDIR=obj_11.3; make  -C apps/sssp variants
make[2]: Entering directory '/root/workspace/workloads/lonestargpu-2.0/apps/sssp'
nvcc -O3 -gencode=arch=compute_86,code=\"sm_86,compute_86\" -gencode=arch=compute_60,code=\"sm_60,compute_60\"  -gencode=arch=compute_62,code=\"sm_62,compute_62\" -gencode=arch=compute_70,code=\"sm_70,compute_70\" -gencode=arch=compute_75,code=\"sm_75,compute_75\" -g -Xptxas -v    -I ../../include -I /common/inc -lcudart  -DVARIANT=1 -o sssp-wln main.cu
cp sssp-wln ../../bin
nvcc -O3 -gencode=arch=compute_86,code=\"sm_86,compute_86\" -gencode=arch=compute_60,code=\"sm_60,compute_60\"  -gencode=arch=compute_62,code=\"sm_62,compute_62\" -gencode=arch=compute_70,code=\"sm_70,compute_70\" -gencode=arch=compute_75,code=\"sm_75,compute_75\" -g -Xptxas -v    -I ../../include -I /common/inc -lcudart  -DVARIANT=2 -o sssp-wlc main.cu
cp sssp-wlc ../../bin
make[2]: Leaving directory '/root/workspace/workloads/lonestargpu-2.0/apps/sssp'
make[1]: Leaving directory '/root/workspace/workloads/lonestargpu-2.0'
mv lonestargpu-2.0/apps/bfs/bfs /root/workspace/workloads/bin/11.3/lonestar_bfs
mv lonestargpu-2.0/apps/bfs/bfs-atomic /root/workspace/workloads/bin/11.3/lonestar_bfs-atomic
mv lonestargpu-2.0/apps/bfs/bfs-wlc /root/workspace/workloads/bin/11.3/lonestar_bfs-wlc
mv lonestargpu-2.0/apps/bfs/bfs-wla /root/workspace/workloads/bin/11.3/lonestar_bfs-wla
mv lonestargpu-2.0/apps/bfs/bfs-wlw /root/workspace/workloads/bin/11.3/lonestar_bfs-wlw
mv lonestargpu-2.0/apps/bh/bh /root/workspace/workloads/bin/11.3/bh
mv lonestargpu-2.0/apps/dmr/dmr /root/workspace/workloads/bin/11.3/dmr
mv lonestargpu-2.0/apps/mst/mst /root/workspace/workloads/bin/11.3/mst
mv lonestargpu-2.0/apps/pta/pta /root/workspace/workloads/bin/11.3/pta
mv lonestargpu-2.0/apps/nsp/nsp /root/workspace/workloads/bin/11.3/nsp
mv lonestargpu-2.0/apps/sssp/sssp /root/workspace/workloads/bin/11.3/sssp
mv lonestargpu-2.0/apps/sssp/sssp-wlc /root/workspace/workloads/bin/11.3/sssp-wlc
mv lonestargpu-2.0/apps/sssp/sssp-wln /root/workspace/workloads/bin/11.3/sssp-wln
mkdir -p /root/workspace/workloads/bin/11.3/
export BINDIR=/root/workspace/workloads/bin/11.3; export BINSUBDIR=; export ROOTOBJDIR=obj_11.3; cd polybench-3.2/; sh ./compileCodes.sh bin
2mm
make[1]: Entering directory '/root/workspace/workloads/polybench-3.2/2mm'
rm -f *~ *.exe
make[1]: Leaving directory '/root/workspace/workloads/polybench-3.2/2mm'
make[1]: Entering directory '/root/workspace/workloads/polybench-3.2/2mm'
nvcc -gencode=arch=compute_75,code=\"sm_75,compute_75\" -gencode=arch=compute_86,code=\"sm_86,compute_86\" -gencode=arch=compute_60,code=\"sm_60,compute_60\" -gencode=arch=compute_70,code=\"sm_70,compute_70\" -gencode=arch=compute_62,code=\"sm_62,compute_62\" 2mm.cu -I../utilities -lcudart -o 2mm.exe 
make[1]: Leaving directory '/root/workspace/workloads/polybench-3.2/2mm'
3mm
make[1]: Entering directory '/root/workspace/workloads/polybench-3.2/3mm'
rm -f *~ *.exe
make[1]: Leaving directory '/root/workspace/workloads/polybench-3.2/3mm'
make[1]: Entering directory '/root/workspace/workloads/polybench-3.2/3mm'
nvcc -gencode=arch=compute_75,code=\"sm_75,compute_75\" -gencode=arch=compute_86,code=\"sm_86,compute_86\" -gencode=arch=compute_60,code=\"sm_60,compute_60\" -gencode=arch=compute_70,code=\"sm_70,compute_70\" -gencode=arch=compute_62,code=\"sm_62,compute_62\" 3mm.cu -I../utilities -lcudart -o 3mm.exe 
make[1]: Leaving directory '/root/workspace/workloads/polybench-3.2/3mm'
adi
make[1]: Entering directory '/root/workspace/workloads/polybench-3.2/adi'
rm -f *~ *.exe
make[1]: Leaving directory '/root/workspace/workloads/polybench-3.2/adi'
make[1]: Entering directory '/root/workspace/workloads/polybench-3.2/adi'
nvcc -gencode=arch=compute_75,code=\"sm_75,compute_75\" -gencode=arch=compute_86,code=\"sm_86,compute_86\" -gencode=arch=compute_60,code=\"sm_60,compute_60\" -gencode=arch=compute_70,code=\"sm_70,compute_70\" -gencode=arch=compute_62,code=\"sm_62,compute_62\" adi.cu -I../utilities -lcudart -o adi.exe 
make[1]: Leaving directory '/root/workspace/workloads/polybench-3.2/adi'
atax
make[1]: Entering directory '/root/workspace/workloads/polybench-3.2/atax'
rm -f *~ *.exe
make[1]: Leaving directory '/root/workspace/workloads/polybench-3.2/atax'
make[1]: Entering directory '/root/workspace/workloads/polybench-3.2/atax'
nvcc -gencode=arch=compute_75,code=\"sm_75,compute_75\" -gencode=arch=compute_86,code=\"sm_86,compute_86\" -gencode=arch=compute_60,code=\"sm_60,compute_60\" -gencode=arch=compute_70,code=\"sm_70,compute_70\" -gencode=arch=compute_62,code=\"sm_62,compute_62\" atax.cu -I../utilities -lcudart -o atax.exe 
make[1]: Leaving directory '/root/workspace/workloads/polybench-3.2/atax'
bicg
make[1]: Entering directory '/root/workspace/workloads/polybench-3.2/bicg'
rm -f *~ *.exe
make[1]: Leaving directory '/root/workspace/workloads/polybench-3.2/bicg'
make[1]: Entering directory '/root/workspace/workloads/polybench-3.2/bicg'
nvcc -gencode=arch=compute_75,code=\"sm_75,compute_75\" -gencode=arch=compute_86,code=\"sm_86,compute_86\" -gencode=arch=compute_60,code=\"sm_60,compute_60\" -gencode=arch=compute_70,code=\"sm_70,compute_70\" -gencode=arch=compute_62,code=\"sm_62,compute_62\" bicg.cu -I../utilities -lcudart -o bicg.exe 
make[1]: Leaving directory '/root/workspace/workloads/polybench-3.2/bicg'
convolution-2d
make[1]: Entering directory '/root/workspace/workloads/polybench-3.2/convolution-2d'
rm -f *~ *.exe
make[1]: Leaving directory '/root/workspace/workloads/polybench-3.2/convolution-2d'
make[1]: Entering directory '/root/workspace/workloads/polybench-3.2/convolution-2d'
nvcc -gencode=arch=compute_75,code=\"sm_75,compute_75\" -gencode=arch=compute_86,code=\"sm_86,compute_86\" -gencode=arch=compute_60,code=\"sm_60,compute_60\" -gencode=arch=compute_70,code=\"sm_70,compute_70\" -gencode=arch=compute_62,code=\"sm_62,compute_62\" 2DConvolution.cu -I../utilities -lcudart -o 2DConvolution.exe 
make[1]: Leaving directory '/root/workspace/workloads/polybench-3.2/convolution-2d'
convolution-3d
make[1]: Entering directory '/root/workspace/workloads/polybench-3.2/convolution-3d'
rm -f *~ *.exe
make[1]: Leaving directory '/root/workspace/workloads/polybench-3.2/convolution-3d'
make[1]: Entering directory '/root/workspace/workloads/polybench-3.2/convolution-3d'
nvcc -gencode=arch=compute_75,code=\"sm_75,compute_75\" -gencode=arch=compute_86,code=\"sm_86,compute_86\" -gencode=arch=compute_60,code=\"sm_60,compute_60\" -gencode=arch=compute_70,code=\"sm_70,compute_70\" -gencode=arch=compute_62,code=\"sm_62,compute_62\" 3DConvolution.cu -I../utilities -lcudart -o 3DConvolution.exe 
make[1]: Leaving directory '/root/workspace/workloads/polybench-3.2/convolution-3d'
correlation
make[1]: Entering directory '/root/workspace/workloads/polybench-3.2/correlation'
rm -f *~ *.exe
make[1]: Leaving directory '/root/workspace/workloads/polybench-3.2/correlation'
make[1]: Entering directory '/root/workspace/workloads/polybench-3.2/correlation'
nvcc -gencode=arch=compute_75,code=\"sm_75,compute_75\" -gencode=arch=compute_86,code=\"sm_86,compute_86\" -gencode=arch=compute_60,code=\"sm_60,compute_60\" -gencode=arch=compute_70,code=\"sm_70,compute_70\" -gencode=arch=compute_62,code=\"sm_62,compute_62\" correlation.cu -I../utilities -lcudart -o correlation.exe 
make[1]: Leaving directory '/root/workspace/workloads/polybench-3.2/correlation'
covariance
make[1]: Entering directory '/root/workspace/workloads/polybench-3.2/covariance'
rm -f *~ *.exe
make[1]: Leaving directory '/root/workspace/workloads/polybench-3.2/covariance'
make[1]: Entering directory '/root/workspace/workloads/polybench-3.2/covariance'
nvcc -gencode=arch=compute_75,code=\"sm_75,compute_75\" -gencode=arch=compute_86,code=\"sm_86,compute_86\" -gencode=arch=compute_60,code=\"sm_60,compute_60\" -gencode=arch=compute_70,code=\"sm_70,compute_70\" -gencode=arch=compute_62,code=\"sm_62,compute_62\" covariance.cu -I../utilities -lcudart -o covariance.exe 
make[1]: Leaving directory '/root/workspace/workloads/polybench-3.2/covariance'
doitgen
make[1]: Entering directory '/root/workspace/workloads/polybench-3.2/doitgen'
rm -f *~ *.exe
make[1]: Leaving directory '/root/workspace/workloads/polybench-3.2/doitgen'
make[1]: Entering directory '/root/workspace/workloads/polybench-3.2/doitgen'
nvcc -gencode=arch=compute_75,code=\"sm_75,compute_75\" -gencode=arch=compute_86,code=\"sm_86,compute_86\" -gencode=arch=compute_60,code=\"sm_60,compute_60\" -gencode=arch=compute_70,code=\"sm_70,compute_70\" -gencode=arch=compute_62,code=\"sm_62,compute_62\" doitgen.cu -I../utilities -lcudart -o doitgen.exe 
make[1]: Leaving directory '/root/workspace/workloads/polybench-3.2/doitgen'
fdtd-2d
make[1]: Entering directory '/root/workspace/workloads/polybench-3.2/fdtd-2d'
rm -f *~ *.exe
make[1]: Leaving directory '/root/workspace/workloads/polybench-3.2/fdtd-2d'
make[1]: Entering directory '/root/workspace/workloads/polybench-3.2/fdtd-2d'
nvcc -gencode=arch=compute_75,code=\"sm_75,compute_75\" -gencode=arch=compute_86,code=\"sm_86,compute_86\" -gencode=arch=compute_60,code=\"sm_60,compute_60\" -gencode=arch=compute_70,code=\"sm_70,compute_70\" -gencode=arch=compute_62,code=\"sm_62,compute_62\" fdtd2d.cu -I../utilities -lcudart -o fdtd2d.exe 
make[1]: Leaving directory '/root/workspace/workloads/polybench-3.2/fdtd-2d'
gemm
make[1]: Entering directory '/root/workspace/workloads/polybench-3.2/gemm'
rm -f *~ *.exe
make[1]: Leaving directory '/root/workspace/workloads/polybench-3.2/gemm'
make[1]: Entering directory '/root/workspace/workloads/polybench-3.2/gemm'
nvcc -gencode=arch=compute_75,code=\"sm_75,compute_75\" -gencode=arch=compute_86,code=\"sm_86,compute_86\" -gencode=arch=compute_60,code=\"sm_60,compute_60\" -gencode=arch=compute_70,code=\"sm_70,compute_70\" -gencode=arch=compute_62,code=\"sm_62,compute_62\" gemm.cu -I../utilities -lcudart -o gemm.exe 
make[1]: Leaving directory '/root/workspace/workloads/polybench-3.2/gemm'
gemver
make[1]: Entering directory '/root/workspace/workloads/polybench-3.2/gemver'
rm -f *~ *.exe
make[1]: Leaving directory '/root/workspace/workloads/polybench-3.2/gemver'
make[1]: Entering directory '/root/workspace/workloads/polybench-3.2/gemver'
nvcc -gencode=arch=compute_75,code=\"sm_75,compute_75\" -gencode=arch=compute_86,code=\"sm_86,compute_86\" -gencode=arch=compute_60,code=\"sm_60,compute_60\" -gencode=arch=compute_70,code=\"sm_70,compute_70\" -gencode=arch=compute_62,code=\"sm_62,compute_62\" gemver.cu -I../utilities -lcudart -o gemver.exe 
make[1]: Leaving directory '/root/workspace/workloads/polybench-3.2/gemver'
gesummv
make[1]: Entering directory '/root/workspace/workloads/polybench-3.2/gesummv'
rm -f *~ *.exe
make[1]: Leaving directory '/root/workspace/workloads/polybench-3.2/gesummv'
make[1]: Entering directory '/root/workspace/workloads/polybench-3.2/gesummv'
nvcc -gencode=arch=compute_75,code=\"sm_75,compute_75\" -gencode=arch=compute_86,code=\"sm_86,compute_86\" -gencode=arch=compute_60,code=\"sm_60,compute_60\" -gencode=arch=compute_70,code=\"sm_70,compute_70\" -gencode=arch=compute_62,code=\"sm_62,compute_62\" gesummv.cu -I../utilities -lcudart -o gesummv.exe 
make[1]: Leaving directory '/root/workspace/workloads/polybench-3.2/gesummv'
gramschmidt
make[1]: Entering directory '/root/workspace/workloads/polybench-3.2/gramschmidt'
rm -f *~ *.exe
make[1]: Leaving directory '/root/workspace/workloads/polybench-3.2/gramschmidt'
make[1]: Entering directory '/root/workspace/workloads/polybench-3.2/gramschmidt'
nvcc -gencode=arch=compute_75,code=\"sm_75,compute_75\" -gencode=arch=compute_86,code=\"sm_86,compute_86\" -gencode=arch=compute_60,code=\"sm_60,compute_60\" -gencode=arch=compute_70,code=\"sm_70,compute_70\" -gencode=arch=compute_62,code=\"sm_62,compute_62\" gramschmidt.cu -I../utilities -lcudart -o gramschmidt.exe 
make[1]: Leaving directory '/root/workspace/workloads/polybench-3.2/gramschmidt'
jacobi-1d-imper
make[1]: Entering directory '/root/workspace/workloads/polybench-3.2/jacobi-1d-imper'
rm -f *~ *.exe
make[1]: Leaving directory '/root/workspace/workloads/polybench-3.2/jacobi-1d-imper'
make[1]: Entering directory '/root/workspace/workloads/polybench-3.2/jacobi-1d-imper'
nvcc -gencode=arch=compute_75,code=\"sm_75,compute_75\" -gencode=arch=compute_86,code=\"sm_86,compute_86\" -gencode=arch=compute_60,code=\"sm_60,compute_60\" -gencode=arch=compute_70,code=\"sm_70,compute_70\" -gencode=arch=compute_62,code=\"sm_62,compute_62\" jacobi1D.cu -I../utilities -lcudart -o jacobi1D.exe 
make[1]: Leaving directory '/root/workspace/workloads/polybench-3.2/jacobi-1d-imper'
jacobi-2d-imper
make[1]: Entering directory '/root/workspace/workloads/polybench-3.2/jacobi-2d-imper'
rm -f *~ *.exe
make[1]: Leaving directory '/root/workspace/workloads/polybench-3.2/jacobi-2d-imper'
make[1]: Entering directory '/root/workspace/workloads/polybench-3.2/jacobi-2d-imper'
nvcc -gencode=arch=compute_75,code=\"sm_75,compute_75\" -gencode=arch=compute_86,code=\"sm_86,compute_86\" -gencode=arch=compute_60,code=\"sm_60,compute_60\" -gencode=arch=compute_70,code=\"sm_70,compute_70\" -gencode=arch=compute_62,code=\"sm_62,compute_62\" jacobi2D.cu -I../utilities -lcudart -o jacobi2D.exe 
make[1]: Leaving directory '/root/workspace/workloads/polybench-3.2/jacobi-2d-imper'
lu
make[1]: Entering directory '/root/workspace/workloads/polybench-3.2/lu'
rm -f *~ *.exe
make[1]: Leaving directory '/root/workspace/workloads/polybench-3.2/lu'
make[1]: Entering directory '/root/workspace/workloads/polybench-3.2/lu'
nvcc -gencode=arch=compute_75,code=\"sm_75,compute_75\" -gencode=arch=compute_86,code=\"sm_86,compute_86\" -gencode=arch=compute_60,code=\"sm_60,compute_60\" -gencode=arch=compute_70,code=\"sm_70,compute_70\" -gencode=arch=compute_62,code=\"sm_62,compute_62\" lu.cu -I../utilities -lcudart -o lu.exe 
make[1]: Leaving directory '/root/workspace/workloads/polybench-3.2/lu'
mvt
make[1]: Entering directory '/root/workspace/workloads/polybench-3.2/mvt'
rm -f *~ *.exe
make[1]: Leaving directory '/root/workspace/workloads/polybench-3.2/mvt'
make[1]: Entering directory '/root/workspace/workloads/polybench-3.2/mvt'
nvcc -gencode=arch=compute_75,code=\"sm_75,compute_75\" -gencode=arch=compute_86,code=\"sm_86,compute_86\" -gencode=arch=compute_60,code=\"sm_60,compute_60\" -gencode=arch=compute_70,code=\"sm_70,compute_70\" -gencode=arch=compute_62,code=\"sm_62,compute_62\" mvt.cu -I../utilities -lcudart -o mvt.exe 
make[1]: Leaving directory '/root/workspace/workloads/polybench-3.2/mvt'
syr2k
make[1]: Entering directory '/root/workspace/workloads/polybench-3.2/syr2k'
rm -f *~ *.exe
make[1]: Leaving directory '/root/workspace/workloads/polybench-3.2/syr2k'
make[1]: Entering directory '/root/workspace/workloads/polybench-3.2/syr2k'
nvcc -gencode=arch=compute_75,code=\"sm_75,compute_75\" -gencode=arch=compute_86,code=\"sm_86,compute_86\" -gencode=arch=compute_60,code=\"sm_60,compute_60\" -gencode=arch=compute_70,code=\"sm_70,compute_70\" -gencode=arch=compute_62,code=\"sm_62,compute_62\" syr2k.cu -I../utilities -lcudart -o syr2k.exe 
make[1]: Leaving directory '/root/workspace/workloads/polybench-3.2/syr2k'
syrk
make[1]: Entering directory '/root/workspace/workloads/polybench-3.2/syrk'
rm -f *~ *.exe
make[1]: Leaving directory '/root/workspace/workloads/polybench-3.2/syrk'
make[1]: Entering directory '/root/workspace/workloads/polybench-3.2/syrk'
nvcc -gencode=arch=compute_75,code=\"sm_75,compute_75\" -gencode=arch=compute_86,code=\"sm_86,compute_86\" -gencode=arch=compute_60,code=\"sm_60,compute_60\" -gencode=arch=compute_70,code=\"sm_70,compute_70\" -gencode=arch=compute_62,code=\"sm_62,compute_62\" syrk.cu -I../utilities -lcudart -o syrk.exe 
make[1]: Leaving directory '/root/workspace/workloads/polybench-3.2/syrk'
cp polybench-3.2/bin/* /root/workspace/workloads/bin/11.3/
rm -r polybench-3.2/bin
mkdir -p /root/workspace/workloads/bin/11.3/
export BINDIR=/root/workspace/workloads/bin/11.3; export BINSUBDIR=; export ROOTOBJDIR=obj_11.3; cd Parboil; ./parboil compile cutcp cuda
make[1]: Entering directory '/root/workspace/workloads/Parboil/benchmarks/cutcp'
/usr/local/cuda-11.3/bin/nvcc build/cuda_default/main.o build/cuda_default/readatom.o build/cuda_default/output.o build/cuda_default/excl.o build/cuda_default/cutcpu.o build/cuda_default/cutoff6overlap.o build/cuda_default/parboil_cuda.o -o build/cuda_default/cutcp -L/usr/local/cuda-11.3/lib64 -lm -lpthread  -lcudart -lm
make[1]: Leaving directory '/root/workspace/workloads/Parboil/benchmarks/cutcp'
Parboil parallel benchmark suite, version 0.2

export BINDIR=/root/workspace/workloads/bin/11.3; export BINSUBDIR=; export ROOTOBJDIR=obj_11.3; cd Parboil; ./parboil compile bfs cuda
make[1]: Entering directory '/root/workspace/workloads/Parboil/benchmarks/bfs'
/usr/local/cuda-11.3/bin/nvcc build/cuda_default/main.o build/cuda_default/parboil_cuda.o -o build/cuda_default/bfs -L/usr/local/cuda-11.3/lib64 -lm -lpthread  -lcudart 
make[1]: Leaving directory '/root/workspace/workloads/Parboil/benchmarks/bfs'
Parboil parallel benchmark suite, version 0.2

export BINDIR=/root/workspace/workloads/bin/11.3; export BINSUBDIR=; export ROOTOBJDIR=obj_11.3; cd Parboil; ./parboil compile histo cuda
make[1]: Entering directory '/root/workspace/workloads/Parboil/benchmarks/histo'
/usr/local/cuda-11.3/bin/nvcc build/cuda_default/main.o build/cuda_default/histo_final.o build/cuda_default/histo_intermediates.o build/cuda_default/histo_main.o build/cuda_default/histo_prescan.o build/cuda_default/util.o build/cuda_default/parboil_cuda.o -o build/cuda_default/histo -L/usr/local/cuda-11.3/lib64 -lm -lpthread  -lcudart 
make[1]: Leaving directory '/root/workspace/workloads/Parboil/benchmarks/histo'
Parboil parallel benchmark suite, version 0.2

export BINDIR=/root/workspace/workloads/bin/11.3; export BINSUBDIR=; export ROOTOBJDIR=obj_11.3; cd Parboil; ./parboil compile lbm cuda
make[1]: Entering directory '/root/workspace/workloads/Parboil/benchmarks/lbm'
/usr/local/cuda-11.3/bin/nvcc build/cuda_default/main.o build/cuda_default/lbm.o build/cuda_default/parboil_cuda.o -o build/cuda_default/lbm -L/usr/local/cuda-11.3/lib64 -lm -lpthread  -lcudart 
make[1]: Leaving directory '/root/workspace/workloads/Parboil/benchmarks/lbm'
Parboil parallel benchmark suite, version 0.2

export BINDIR=/root/workspace/workloads/bin/11.3; export BINSUBDIR=; export ROOTOBJDIR=obj_11.3; cd Parboil; ./parboil compile mri-gridding cuda
make[1]: Entering directory '/root/workspace/workloads/Parboil/benchmarks/mri-gridding'
/usr/local/cuda-11.3/bin/nvcc build/cuda_default/CPU_kernels.o build/cuda_default/CUDA_interface.o build/cuda_default/scanLargeArray.o build/cuda_default/sort.o build/cuda_default/main.o build/cuda_default/parboil_cuda.o -o build/cuda_default/mri-gridding -L/usr/local/cuda-11.3/lib64 -lm -lpthread  -lcudart 
make[1]: Leaving directory '/root/workspace/workloads/Parboil/benchmarks/mri-gridding'
Parboil parallel benchmark suite, version 0.2

export BINDIR=/root/workspace/workloads/bin/11.3; export BINSUBDIR=; export ROOTOBJDIR=obj_11.3; cd Parboil; ./parboil compile mri-q cuda
make[1]: Entering directory '/root/workspace/workloads/Parboil/benchmarks/mri-q'
/usr/local/cuda-11.3/bin/nvcc build/cuda_default/file.o build/cuda_default/main.o build/cuda_default/parboil_cuda.o -o build/cuda_default/mri-q -L/usr/local/cuda-11.3/lib64 -lm -lpthread  -lcudart 
make[1]: Leaving directory '/root/workspace/workloads/Parboil/benchmarks/mri-q'
Parboil parallel benchmark suite, version 0.2

export BINDIR=/root/workspace/workloads/bin/11.3; export BINSUBDIR=; export ROOTOBJDIR=obj_11.3; cd Parboil; ./parboil compile sad cuda
make[1]: Entering directory '/root/workspace/workloads/Parboil/benchmarks/sad'
/usr/local/cuda-11.3/bin/nvcc build/cuda_default/file.o build/cuda_default/image.o build/cuda_default/sad4.o build/cuda_default/largerBlocks.o build/cuda_default/main.o build/cuda_default/parboil_cuda.o -o build/cuda_default/sad -L/usr/local/cuda-11.3/lib64 -lm -lpthread  -lcudart 
make[1]: Leaving directory '/root/workspace/workloads/Parboil/benchmarks/sad'
Parboil parallel benchmark suite, version 0.2

export BINDIR=/root/workspace/workloads/bin/11.3; export BINSUBDIR=; export ROOTOBJDIR=obj_11.3; cd Parboil; ./parboil compile sgemm cuda
make[1]: Entering directory '/root/workspace/workloads/Parboil/benchmarks/sgemm'
/usr/local/cuda-11.3/bin/nvcc build/cuda_default/main.o build/cuda_default/io.o build/cuda_default/parboil_cuda.o -o build/cuda_default/sgemm -L/usr/local/cuda-11.3/lib64 -lm -lpthread  -lcudart -lm -lstdc++ 
make[1]: Leaving directory '/root/workspace/workloads/Parboil/benchmarks/sgemm'
Parboil parallel benchmark suite, version 0.2

export BINDIR=/root/workspace/workloads/bin/11.3; export BINSUBDIR=; export ROOTOBJDIR=obj_11.3; cd Parboil; ./parboil compile spmv cuda
make[1]: Entering directory '/root/workspace/workloads/Parboil/benchmarks/spmv'
/usr/local/cuda-11.3/bin/nvcc build/cuda_default/main.o build/cuda_default/file.o build/cuda_default/gpu_info.o build/cuda_default/../../common_src/convert-dataset/convert_dataset.o build/cuda_default/../../common_src/convert-dataset/mmio.o build/cuda_default/parboil_cuda.o -o build/cuda_default/spmv -L/usr/local/cuda-11.3/lib64 -lm -lpthread  -lcudart 
make[1]: Leaving directory '/root/workspace/workloads/Parboil/benchmarks/spmv'
Parboil parallel benchmark suite, version 0.2

export BINDIR=/root/workspace/workloads/bin/11.3; export BINSUBDIR=; export ROOTOBJDIR=obj_11.3; cd Parboil; ./parboil compile stencil cuda
make[1]: Entering directory '/root/workspace/workloads/Parboil/benchmarks/stencil'
/usr/local/cuda-11.3/bin/nvcc build/cuda_default/main.o build/cuda_default/file.o build/cuda_default/parboil_cuda.o -o build/cuda_default/stencil -L/usr/local/cuda-11.3/lib64 -lm -lpthread  -lcudart 
make[1]: Leaving directory '/root/workspace/workloads/Parboil/benchmarks/stencil'
Parboil parallel benchmark suite, version 0.2

export BINDIR=/root/workspace/workloads/bin/11.3; export BINSUBDIR=; export ROOTOBJDIR=obj_11.3; cd Parboil; ./parboil compile tpacf cuda
make[1]: Entering directory '/root/workspace/workloads/Parboil/benchmarks/tpacf'
/usr/local/cuda-11.3/bin/nvcc build/cuda_default/args.o build/cuda_default/model_io.o build/cuda_default/main.o build/cuda_default/parboil_cuda.o -o build/cuda_default/tpacf -L/usr/local/cuda-11.3/lib64 -lm -lpthread  -lcudart 
make[1]: Leaving directory '/root/workspace/workloads/Parboil/benchmarks/tpacf'
Parboil parallel benchmark suite, version 0.2

mv ./Parboil/benchmarks/lbm/build/cuda_default/lbm /root/workspace/workloads/bin/11.3/lbm
mv ./Parboil/benchmarks/cutcp/build/cuda_default/cutcp /root/workspace/workloads/bin/11.3/cutcp
mv ./Parboil/benchmarks/bfs/build/cuda_default/bfs /root/workspace/workloads/bin/11.3/parboil_bfs
mv ./Parboil/benchmarks/histo/build/cuda_default/histo /root/workspace/workloads/bin/11.3/histo
mv ./Parboil/benchmarks/mri-gridding/build/cuda_default/mri-gridding /root/workspace/workloads/bin/11.3/mri-gridding
mv ./Parboil/benchmarks/mri-q/build/cuda_default/mri-q /root/workspace/workloads/bin/11.3/mri-q
mv ./Parboil/benchmarks/sad/build/cuda_default/sad /root/workspace/workloads/bin/11.3/sad
mv ./Parboil/benchmarks/sgemm/build/cuda_default/sgemm /root/workspace/workloads/bin/11.3/sgemm
mv ./Parboil/benchmarks/spmv/build/cuda_default/spmv /root/workspace/workloads/bin/11.3/spmv
mv ./Parboil/benchmarks/stencil/build/cuda_default/stencil /root/workspace/workloads/bin/11.3/stencil
mv ./Parboil/benchmarks/tpacf/build/cuda_default/tpacf /root/workspace/workloads/bin/11.3/tpacf
